[templates.iqonic.design/hope-ui/html/dist/dashboard/index.html]
[backblue.gif]
[fade.gif]
[index.html]
[templates.iqonic.design/hope-ui/html/dist/assets/css/core/libs.min.css]
[templates.iqonic.design/hope-ui/html/dist/assets/vendor/aos/dist/aos.css]
[templates.iqonic.design/hope-ui/html/dist/assets/css/hope-ui.min1fc6.css]
[templates.iqonic.design/hope-ui/html/dist/assets/css/custom.min1fc6.css]
[templates.iqonic.design/hope-ui/html/dist/assets/css/customizer.min1fc6.css]
[templates.iqonic.design/hope-ui/html/dist/assets/css/rtl.min1fc6.css]
[templates.iqonic.design/hope-ui/html/dist/dashboard/index-horizontal.html]
[templates.iqonic.design/hope-ui/html/dist/dashboard/index-dual-horizontal.html]
[templates.iqonic.design/hope-ui/html/dist/dashboard/index-dual-compact.html]
[templates.iqonic.design/hope-ui/html/dist/dashboard/index-boxed.html]
[templates.iqonic.design/hope-ui/html/dist/dashboard/index-boxed-fancy.html]
[templates.iqonic.design/hope-ui/html/dist/dashboard/special-pages/billing.html]
[templates.iqonic.design/hope-ui/html/dist/dashboard/special-pages/calender.html]
[templates.iqonic.design/hope-ui/html/dist/dashboard/special-pages/kanban.html]
[templates.iqonic.design/hope-ui/html/dist/dashboard/special-pages/pricing.html]
[templates.iqonic.design/hope-ui/html/dist/dashboard/special-pages/rtl-support.html]
[templates.iqonic.design/hope-ui/html/dist/dashboard/special-pages/timeline.html]
[templates.iqonic.design/hope-ui/html/dist/dashboard/auth/sign-in.html]
[templates.iqonic.design/hope-ui/html/dist/dashboard/auth/sign-up.html]
[templates.iqonic.design/hope-ui/html/dist/dashboard/auth/confirm-mail.html]
[templates.iqonic.design/hope-ui/html/dist/dashboard/auth/lock-screen.html]
[templates.iqonic.design/hope-ui/html/dist/dashboard/auth/recoverpw.html]
[templates.iqonic.design/hope-ui/html/dist/dashboard/app/user-profile.html]
[templates.iqonic.design/hope-ui/html/dist/dashboard/app/user-add.html]
[templates.iqonic.design/hope-ui/html/dist/dashboard/app/user-list.html]
[templates.iqonic.design/hope-ui/html/dist/dashboard/errors/error404.html]
[templates.iqonic.design/hope-ui/html/dist/dashboard/errors/error500.html]
[templates.iqonic.design/hope-ui/html/dist/dashboard/errors/maintenance.html]
[templates.iqonic.design/hope-ui/html/dist/dashboard/admin.html]
[templates.iqonic.design/hope-ui/html/dist/dashboard/widget/widgetbasic.html]
[templates.iqonic.design/hope-ui/html/dist/dashboard/widget/widgetchart.html]
[templates.iqonic.design/hope-ui/html/dist/dashboard/widget/widgetcard.html]
[templates.iqonic.design/hope-ui/html/dist/dashboard/maps/google.html]
[templates.iqonic.design/hope-ui/html/dist/dashboard/maps/vector.html]
[templates.iqonic.design/hope-ui/html/dist/dashboard/form/form-element.html]
[templates.iqonic.design/hope-ui/html/dist/dashboard/form/form-wizard.html]
[templates.iqonic.design/hope-ui/html/dist/dashboard/form/form-validation.html]
[templates.iqonic.design/hope-ui/html/dist/dashboard/table/bootstrap-table.html]
[templates.iqonic.design/hope-ui/html/dist/dashboard/table/table-data.html]
[templates.iqonic.design/hope-ui/html/dist/dashboard/icons/solid.html]
[templates.iqonic.design/hope-ui/html/dist/dashboard/icons/outline.html]
[templates.iqonic.design/hope-ui/html/dist/dashboard/icons/dual-tone.html]
[templates.iqonic.design/hope-ui/html/dist/assets/images/Flag/flag001.png]
[templates.iqonic.design/hope-ui/html/dist/assets/images/Flag/flag-03.png]
[templates.iqonic.design/hope-ui/html/dist/assets/images/Flag/flag-04.png]
[templates.iqonic.design/hope-ui/html/dist/assets/images/Flag/flag-02.png]
[templates.iqonic.design/hope-ui/html/dist/assets/images/Flag/flag-05.png]
[templates.iqonic.design/hope-ui/html/dist/assets/images/Flag/flag-06.png]
[templates.iqonic.design/hope-ui/html/dist/assets/images/shapes/01.png]
[templates.iqonic.design/hope-ui/html/dist/assets/images/shapes/02.png]
[templates.iqonic.design/hope-ui/html/dist/assets/images/shapes/03.png]
[templates.iqonic.design/hope-ui/html/dist/assets/images/shapes/04.png]
[templates.iqonic.design/hope-ui/html/dist/assets/images/shapes/05.png]
[templates.iqonic.design/hope-ui/html/dist/assets/images/avatars/01.png]
[templates.iqonic.design/hope-ui/html/dist/assets/images/avatars/avtar_1.png]
[templates.iqonic.design/hope-ui/html/dist/assets/images/avatars/avtar_2.png]
[templates.iqonic.design/hope-ui/html/dist/assets/images/avatars/avtar_4.png]
[templates.iqonic.design/hope-ui/html/dist/assets/images/avatars/avtar_5.png]
[templates.iqonic.design/hope-ui/html/dist/assets/images/avatars/avtar_3.png]
[templates.iqonic.design/hope-ui/html/dist/dashboard/app/user-privacy-setting.html]
[templates.iqonic.design/hope-ui/html/dist/assets/images/dashboard/top-header.png]
[templates.iqonic.design/hope-ui/html/dist/assets/images/dashboard/top-header1.png]
[templates.iqonic.design/hope-ui/html/dist/assets/images/dashboard/top-header2.png]
[templates.iqonic.design/hope-ui/html/dist/assets/images/dashboard/top-header3.png]
[templates.iqonic.design/hope-ui/html/dist/assets/images/dashboard/top-header4.png]
[templates.iqonic.design/hope-ui/html/dist/assets/images/dashboard/top-header5.png]
[templates.iqonic.design/hope-ui/html/dist/dashboard/extra/privacy-policy.html]
[templates.iqonic.design/hope-ui/html/dist/dashboard/extra/terms-of-service.html]
[templates.iqonic.design/hope-ui/html/dist/assets/images/settings/dark/01.png]
[templates.iqonic.design/hope-ui/html/dist/assets/images/settings/light/01.png]
[templates.iqonic.design/hope-ui/html/dist/assets/images/settings/dark/02.png]
[templates.iqonic.design/hope-ui/html/dist/assets/images/settings/light/02.png]
[templates.iqonic.design/hope-ui/html/dist/assets/images/settings/dark/03.png]
[templates.iqonic.design/hope-ui/html/dist/assets/images/settings/light/03.png]
[templates.iqonic.design/hope-ui/html/dist/assets/images/settings/dark/04.png]
[templates.iqonic.design/hope-ui/html/dist/assets/images/settings/light/04.png]
[templates.iqonic.design/hope-ui/html/dist/assets/images/settings/dark/05.png]
[templates.iqonic.design/hope-ui/html/dist/assets/images/settings/light/05.png]
[templates.iqonic.design/hope-ui/html/dist/assets/images/settings/dark/06.png]
[templates.iqonic.design/hope-ui/html/dist/assets/images/settings/light/06.png]
[templates.iqonic.design/hope-ui/html/dist/assets/images/settings/dark/07.png]
[templates.iqonic.design/hope-ui/html/dist/assets/images/settings/light/07.png]
[templates.iqonic.design/hope-ui/html/dist/assets/images/settings/dark/08.png]
[templates.iqonic.design/hope-ui/html/dist/assets/images/settings/light/09.png]
[templates.iqonic.design/hope-ui/html/dist/assets/images/settings/dark/09.png]
[templates.iqonic.design/hope-ui/html/dist/assets/images/settings/light/08.png]
[templates.iqonic.design/hope-ui/html/dist/assets/images/settings/dark/11.png]
[templates.iqonic.design/hope-ui/html/dist/assets/images/settings/light/10.png]
[templates.iqonic.design/hope-ui/html/dist/assets/images/settings/dark/12.png]
[templates.iqonic.design/hope-ui/html/dist/assets/images/settings/light/12.png]
[templates.iqonic.design/hope-ui/html/dist/assets/images/settings/dark/13.png]
[templates.iqonic.design/hope-ui/html/dist/assets/images/settings/light/13.png]
[templates.iqonic.design/hope-ui/html/dist/assets/images/settings/dark/10.png]
[templates.iqonic.design/hope-ui/html/dist/assets/js/core/libs.min.js]
[templates.iqonic.design/hope-ui/html/dist/assets/js/core/external.min.js]
[templates.iqonic.design/hope-ui/html/dist/assets/js/charts/widgetcharts.js]
[templates.iqonic.design/hope-ui/html/dist/assets/js/charts/vectore-chart.js]
[templates.iqonic.design/hope-ui/html/dist/assets/js/charts/dashboard.js]
[templates.iqonic.design/hope-ui/html/dist/assets/js/plugins/fslightbox.js]
[templates.iqonic.design/hope-ui/html/dist/assets/js/plugins/setting.js]
[templates.iqonic.design/hope-ui/html/dist/assets/js/plugins/slider-tabs.js]
[templates.iqonic.design/hope-ui/html/dist/assets/js/plugins/form-wizard.js]
[templates.iqonic.design/hope-ui/html/dist/assets/vendor/aos/dist/aos.js]
[templates.iqonic.design/hope-ui/html/dist/dashboard/index.html]
[templates.iqonic.design/hope-ui/html/dist/assets/css/core/libs.min.css]
[templates.iqonic.design/hope-ui/html/dist/assets/vendor/aos/dist/aos.css]
[templates.iqonic.design/hope-ui/html/dist/assets/js/hope-ui.js]
[templates.iqonic.design/hope-ui/html/dist/assets/images/loader.gif]
[templates.iqonic.design/hope-ui/html/dist/assets/css/hope-ui.min1fc6.css]
[templates.iqonic.design/hope-ui/html/dist/assets/css/custom.min1fc6.css]
[templates.iqonic.design/hope-ui/html/dist/assets/css/customizer.min1fc6.css]
[templates.iqonic.design/hope-ui/html/dist/assets/css/rtl.min1fc6.css]
[templates.iqonic.design/hope-ui/html/dist/dashboard/index-horizontal.html]
[templates.iqonic.design/hope-ui/html/dist/dashboard/index-dual-horizontal.html]
[templates.iqonic.design/hope-ui/html/dist/dashboard/index-dual-compact.html]
[templates.iqonic.design/hope-ui/html/dist/dashboard/index-boxed.html]
[templates.iqonic.design/hope-ui/html/dist/dashboard/index-boxed-fancy.html]
[templates.iqonic.design/hope-ui/html/dist/dashboard/special-pages/billing.html]
[templates.iqonic.design/hope-ui/html/dist/assets/vendor/fullcalendar/core/main.css]
[templates.iqonic.design/hope-ui/html/dist/assets/vendor/fullcalendar/daygrid/main.css]
[templates.iqonic.design/hope-ui/html/dist/assets/vendor/fullcalendar/timegrid/main.css]
[templates.iqonic.design/hope-ui/html/dist/assets/vendor/fullcalendar/list/main.css]
[templates.iqonic.design/hope-ui/html/dist/assets/vendor/fullcalendar/core/main.js]
[templates.iqonic.design/hope-ui/html/dist/assets/vendor/fullcalendar/daygrid/main.js]
[templates.iqonic.design/hope-ui/html/dist/assets/vendor/fullcalendar/timegrid/main.js]
[templates.iqonic.design/hope-ui/html/dist/assets/vendor/fullcalendar/list/main.js]
[templates.iqonic.design/hope-ui/html/dist/assets/vendor/fullcalendar/interaction/main.js]
[templates.iqonic.design/hope-ui/html/dist/assets/vendor/moment.min.js]
[templates.iqonic.design/hope-ui/html/dist/dashboard/special-pages/calender.html]
[templates.iqonic.design/hope-ui/html/dist/assets/js/plugins/calender.js]
[templates.iqonic.design/hope-ui/html/dist/assets/vendor/sortable/Sortable.min.js]
[templates.iqonic.design/hope-ui/html/dist/assets/js/plugins/kanban.js]
[templates.iqonic.design/hope-ui/html/dist/dashboard/special-pages/kanban.html]
[templates.iqonic.design/hope-ui/html/dist/dashboard/special-pages/pricing.html]
[templates.iqonic.design/hope-ui/html/dist/dashboard/special-pages/rtl-support.html]
[templates.iqonic.design/hope-ui/html/dist/dashboard/special-pages/timeline.html]
[templates.iqonic.design/hope-ui/html/dist/assets/images/auth/01.png]
[templates.iqonic.design/hope-ui/html/dist/dashboard/auth/sign-in.html]
[templates.iqonic.design/hope-ui/html/dist/assets/images/auth/05.png]
[templates.iqonic.design/hope-ui/html/dist/dashboard/auth/sign-up.html]
[templates.iqonic.design/hope-ui/html/dist/assets/images/auth/mail.79.delayed]
[templates.iqonic.design/hope-ui/html/dist/assets/images/auth/03.png]
[templates.iqonic.design/hope-ui/html/dist/dashboard/auth/confirm-mail.html]
[templates.iqonic.design/hope-ui/html/dist/assets/images/auth/04.png]
[templates.iqonic.design/hope-ui/html/dist/dashboard/auth/lock-screen.html]
[templates.iqonic.design/hope-ui/html/dist/assets/images/auth/02.png]
[templates.iqonic.design/hope-ui/html/dist/dashboard/auth/recoverpw.html]
[templates.iqonic.design/hope-ui/html/dist/assets/images/icons/04.png]
[templates.iqonic.design/hope-ui/html/dist/assets/images/icons/08.png]
[templates.iqonic.design/hope-ui/html/dist/assets/images/icons/02.png]
[templates.iqonic.design/hope-ui/html/dist/assets/images/shapes/06.png]
[templates.iqonic.design/hope-ui/html/dist/assets/images/icons/05.png]
[templates.iqonic.design/hope-ui/html/dist/assets/images/icons/01.png]
[templates.iqonic.design/hope-ui/html/dist/assets/images/icons/03.png]
[templates.iqonic.design/hope-ui/html/dist/assets/images/avatars/02.png]
[templates.iqonic.design/hope-ui/html/dist/assets/images/pages/02-page.png]
[templates.iqonic.design/hope-ui/html/dist/assets/images/avatars/03.png]
[templates.iqonic.design/hope-ui/html/dist/assets/images/avatars/04.png]
[templates.iqonic.design/hope-ui/html/dist/assets/images/avatars/05.png]
[templates.iqonic.design/hope-ui/html/dist/assets/images/icons/06.png]
[templates.iqonic.design/hope-ui/html/dist/assets/images/icons/07.png]
[templates.iqonic.design/hope-ui/html/dist/assets/images/brands/08.png]
[templates.iqonic.design/hope-ui/html/dist/assets/images/brands/09.png]
[templates.iqonic.design/hope-ui/html/dist/assets/images/brands/10.png]
[templates.iqonic.design/hope-ui/html/dist/assets/images/brands/11.png]
[templates.iqonic.design/hope-ui/html/dist/assets/images/brands/13.png]
[templates.iqonic.design/hope-ui/html/dist/assets/images/brands/12.png]
[templates.iqonic.design/hope-ui/html/dist/dashboard/app/user-profile.html]
[templates.iqonic.design/hope-ui/html/dist/dashboard/app/user-add.html]
[templates.iqonic.design/hope-ui/html/dist/dashboard/app/user-list.html]
[templates.iqonic.design/hope-ui/html/dist/assets/images/error/404.png]
[templates.iqonic.design/hope-ui/html/dist/dashboard/errors/error404.html]
[templates.iqonic.design/hope-ui/html/dist/dashboard/errors/error500.html]
[templates.iqonic.design/hope-ui/html/dist/assets/images/error/500.png]
[templates.iqonic.design/hope-ui/html/dist/assets/images/error/01.png]
[cdnjs.cloudflare.com/ajax/libs/gsap/1.18.0/TweenMax.min.js]
[templates.iqonic.design/hope-ui/html/dist/assets/js/plugins/countdown.js]
[templates.iqonic.design/hope-ui/html/dist/dashboard/errors/maintenance.html]
[templates.iqonic.design/hope-ui/html/dist/dashboard/admin.html]
[templates.iqonic.design/hope-ui/html/dist/dashboard/widget/widgetbasic.html]
[templates.iqonic.design/hope-ui/html/dist/dashboard/widget/widgetchart.html]
[templates.iqonic.design/hope-ui/html/dist/dashboard/widget/widgetcard.html]
[templates.iqonic.design/hope-ui/html/dist/dashboard/maps/google.html]
[templates.iqonic.design/hope-ui/html/dist/dashboard/maps/vector.html]
[templates.iqonic.design/hope-ui/html/dist/dashboard/form/form-element.html]
[templates.iqonic.design/hope-ui/html/dist/assets/images/pages/img-success.png]
[templates.iqonic.design/hope-ui/html/dist/dashboard/form/form-wizard.html]
[templates.iqonic.design/hope-ui/html/dist/dashboard/form/form-validation.html]
[templates.iqonic.design/hope-ui/html/dist/dashboard/table/bootstrap-table.html]
[templates.iqonic.design/hope-ui/html/dist/dashboard/table/table-data.html]
[templates.iqonic.design/hope-ui/html/dist/dashboard/icons/solid.html]
[templates.iqonic.design/hope-ui/html/dist/dashboard/icons/outline.html]
[templates.iqonic.design/hope-ui/html/dist/dashboard/icons/dual-tone.html]
[templates.iqonic.design/hope-ui/html/dist/dashboard/app/user-privacy-setting.html]
[templates.iqonic.design/hope-ui/html/dist/dashboard/extra/privacy-policy.html]
[templates.iqonic.design/hope-ui/html/dist/dashboard/extra/terms-of-service.html]
[templates.iqonic.design/hope-ui/html/dist/assets/js/core/libs.min.js]
[templates.iqonic.design/hope-ui/html/dist/assets/js/core/external.min.js]
[templates.iqonic.design/hope-ui/html/dist/assets/js/charts/widgetcharts.js]
[templates.iqonic.design/hope-ui/html/dist/assets/js/charts/vectore-chart.js]
[templates.iqonic.design/hope-ui/html/dist/assets/js/charts/dashboard.js]
[templates.iqonic.design/hope-ui/html/dist/dashboard/GET]
[templates.iqonic.design/hope-ui/html/dist/assets/js/plugins/fslightbox.js]
[templates.iqonic.design/hope-ui/html/dist/assets/js/plugins/setting.js]
[templates.iqonic.design/hope-ui/html/dist/assets/js/plugins/slider-tabs.js]
[templates.iqonic.design/hope-ui/html/dist/assets/js/plugins/form-wizard.js]
[templates.iqonic.design/hope-ui/html/dist/assets/vendor/aos/dist/aos.js]
[templates.iqonic.design/hope-ui/html/dist/assets/js/hope-ui.js]
[templates.iqonic.design/hope-ui/html/dist/assets/vendor/fullcalendar/core/main.css]
[templates.iqonic.design/hope-ui/html/dist/assets/vendor/fullcalendar/daygrid/main.css]
[templates.iqonic.design/hope-ui/html/dist/assets/vendor/fullcalendar/timegrid/main.css]
[templates.iqonic.design/hope-ui/html/dist/assets/vendor/fullcalendar/list/main.css]
[templates.iqonic.design/hope-ui/html/dist/assets/vendor/fullcalendar/core/main.js]
[templates.iqonic.design/hope-ui/html/dist/assets/vendor/fullcalendar/daygrid/main.js]
[templates.iqonic.design/hope-ui/html/dist/assets/vendor/fullcalendar/timegrid/main.js]
[templates.iqonic.design/hope-ui/html/dist/assets/vendor/fullcalendar/list/main.js]
[templates.iqonic.design/hope-ui/html/dist/assets/vendor/fullcalendar/interaction/main.js]
[templates.iqonic.design/hope-ui/html/dist/assets/vendor/moment.min.js]
[templates.iqonic.design/hope-ui/html/dist/assets/js/plugins/calender.js]
[templates.iqonic.design/hope-ui/html/dist/assets/vendor/sortable/Sortable.min.js]
[templates.iqonic.design/hope-ui/html/dist/assets/js/plugins/kanban.js]
[templates.iqonic.design/hope-ui/html/dist/assets/images/auth/mail.html]
[templates.iqonic.design/hope-ui/html/dist/assets/js/plugins/countdown.js]
[templates.iqonic.design/hope-ui/html/dist/dashboard/GET.html]
[templates.iqonic.design/hope-ui/html/dist/dashboard/dist/index.html]
[templates.iqonic.design/hope-ui/html/dist/dashboard/dist/index.html]
[{s}.tile.openstreetmap.org/{z}/{x}/{y}.png]
